Archive member included to satisfy reference by file (symbol)

c:/program files (x86)/gnu arm embedded toolchain/10 2021.07/bin/../lib/gcc/arm-none-eabi/10.3.1/../../../../arm-none-eabi/lib/thumb/v7e-m/nofp\libg_nano.a(lib_a-ctype_.o)
                              ./system/src/newlib/syscalls.o (_ctype_)
c:/program files (x86)/gnu arm embedded toolchain/10 2021.07/bin/../lib/gcc/arm-none-eabi/10.3.1/../../../../arm-none-eabi/lib/thumb/v7e-m/nofp\libg_nano.a(lib_a-errno.o)
                              ./system/src/newlib/sbrk.o (__errno)
c:/program files (x86)/gnu arm embedded toolchain/10 2021.07/bin/../lib/gcc/arm-none-eabi/10.3.1/../../../../arm-none-eabi/lib/thumb/v7e-m/nofp\libg_nano.a(lib_a-findfp.o)
                              ./system/src/newlib/syscalls.o (__sinit)
c:/program files (x86)/gnu arm embedded toolchain/10 2021.07/bin/../lib/gcc/arm-none-eabi/10.3.1/../../../../arm-none-eabi/lib/thumb/v7e-m/nofp\libg_nano.a(lib_a-fwalk.o)
                              c:/program files (x86)/gnu arm embedded toolchain/10 2021.07/bin/../lib/gcc/arm-none-eabi/10.3.1/../../../../arm-none-eabi/lib/thumb/v7e-m/nofp\libg_nano.a(lib_a-findfp.o) (_fwalk)
c:/program files (x86)/gnu arm embedded toolchain/10 2021.07/bin/../lib/gcc/arm-none-eabi/10.3.1/../../../../arm-none-eabi/lib/thumb/v7e-m/nofp\libg_nano.a(lib_a-impure.o)
                              c:/program files (x86)/gnu arm embedded toolchain/10 2021.07/bin/../lib/gcc/arm-none-eabi/10.3.1/../../../../arm-none-eabi/lib/thumb/v7e-m/nofp\libg_nano.a(lib_a-findfp.o) (_global_impure_ptr)
c:/program files (x86)/gnu arm embedded toolchain/10 2021.07/bin/../lib/gcc/arm-none-eabi/10.3.1/../../../../arm-none-eabi/lib/thumb/v7e-m/nofp\libg_nano.a(lib_a-lock.o)
                              c:/program files (x86)/gnu arm embedded toolchain/10 2021.07/bin/../lib/gcc/arm-none-eabi/10.3.1/../../../../arm-none-eabi/lib/thumb/v7e-m/nofp\libg_nano.a(lib_a-findfp.o) (__retarget_lock_init_recursive)
c:/program files (x86)/gnu arm embedded toolchain/10 2021.07/bin/../lib/gcc/arm-none-eabi/10.3.1/../../../../arm-none-eabi/lib/thumb/v7e-m/nofp\libg_nano.a(lib_a-memset.o)
                              ./system/src/newlib/syscalls.o (memset)
c:/program files (x86)/gnu arm embedded toolchain/10 2021.07/bin/../lib/gcc/arm-none-eabi/10.3.1/../../../../arm-none-eabi/lib/thumb/v7e-m/nofp\libg_nano.a(lib_a-nano-mallocr.o)
                              c:/program files (x86)/gnu arm embedded toolchain/10 2021.07/bin/../lib/gcc/arm-none-eabi/10.3.1/../../../../arm-none-eabi/lib/thumb/v7e-m/nofp\libg_nano.a(lib_a-findfp.o) (_malloc_r)
c:/program files (x86)/gnu arm embedded toolchain/10 2021.07/bin/../lib/gcc/arm-none-eabi/10.3.1/../../../../arm-none-eabi/lib/thumb/v7e-m/nofp\libg_nano.a(lib_a-sbrkr.o)
                              c:/program files (x86)/gnu arm embedded toolchain/10 2021.07/bin/../lib/gcc/arm-none-eabi/10.3.1/../../../../arm-none-eabi/lib/thumb/v7e-m/nofp\libg_nano.a(lib_a-nano-mallocr.o) (_sbrk_r)
c:/program files (x86)/gnu arm embedded toolchain/10 2021.07/bin/../lib/gcc/arm-none-eabi/10.3.1/../../../../arm-none-eabi/lib/thumb/v7e-m/nofp\libg_nano.a(lib_a-stdio.o)
                              c:/program files (x86)/gnu arm embedded toolchain/10 2021.07/bin/../lib/gcc/arm-none-eabi/10.3.1/../../../../arm-none-eabi/lib/thumb/v7e-m/nofp\libg_nano.a(lib_a-findfp.o) (__sread)
c:/program files (x86)/gnu arm embedded toolchain/10 2021.07/bin/../lib/gcc/arm-none-eabi/10.3.1/../../../../arm-none-eabi/lib/thumb/v7e-m/nofp\libg_nano.a(lib_a-strcmp.o)
                              ./system/src/cortexm/exception-handlers.o (strcmp)
c:/program files (x86)/gnu arm embedded toolchain/10 2021.07/bin/../lib/gcc/arm-none-eabi/10.3.1/../../../../arm-none-eabi/lib/thumb/v7e-m/nofp\libg_nano.a(lib_a-strlen.o)
                              ./system/src/newlib/syscalls.o (strlen)
c:/program files (x86)/gnu arm embedded toolchain/10 2021.07/bin/../lib/gcc/arm-none-eabi/10.3.1/../../../../arm-none-eabi/lib/thumb/v7e-m/nofp\libg_nano.a(lib_a-strncpy.o)
                              ./system/src/newlib/syscalls.o (strncpy)
c:/program files (x86)/gnu arm embedded toolchain/10 2021.07/bin/../lib/gcc/arm-none-eabi/10.3.1/../../../../arm-none-eabi/lib/thumb/v7e-m/nofp\libg_nano.a(lib_a-vsnprintf.o)
                              ./system/src/diag/trace.o (vsnprintf)
c:/program files (x86)/gnu arm embedded toolchain/10 2021.07/bin/../lib/gcc/arm-none-eabi/10.3.1/../../../../arm-none-eabi/lib/thumb/v7e-m/nofp\libg_nano.a(lib_a-writer.o)
                              c:/program files (x86)/gnu arm embedded toolchain/10 2021.07/bin/../lib/gcc/arm-none-eabi/10.3.1/../../../../arm-none-eabi/lib/thumb/v7e-m/nofp\libg_nano.a(lib_a-stdio.o) (_write_r)
c:/program files (x86)/gnu arm embedded toolchain/10 2021.07/bin/../lib/gcc/arm-none-eabi/10.3.1/../../../../arm-none-eabi/lib/thumb/v7e-m/nofp\libg_nano.a(lib_a-closer.o)
[...]
Memory Configuration

Name             Origin             Length             Attributes
RAM              0x20000000         0x0000a000         xrw
CCMRAM           0x10000000         0x00002000         xrw
FLASH            0x08000000         0x00040000         xr
FLASHB1          0x00000000         0x00000000         xr
EXTMEMB0         0x00000000         0x00000000         xr
EXTMEMB1         0x00000000         0x00000000         xr
EXTMEMB2         0x00000000         0x00000000         xr
EXTMEMB3         0x00000000         0x00000000         xr
MEMORY_ARRAY     0x20002000         0x00000000         xrw
*default*        0x00000000         0xffffffff

Linker script and memory map

LOAD ./system/src/stm32f3-hal/stm32f3xx_hal.o
LOAD ./system/src/stm32f3-hal/stm32f3xx_hal_cortex.o
LOAD ./system/src/stm32f3-hal/stm32f3xx_hal_flash.o
LOAD ./system/src/stm32f3-hal/stm32f3xx_hal_flash_ex.o
LOAD ./system/src/stm32f3-hal/stm32f3xx_hal_gpio.o
LOAD ./system/src/stm32f3-hal/stm32f3xx_hal_iwdg.o
LOAD ./system/src/stm32f3-hal/stm32f3xx_hal_pwr.o
LOAD ./system/src/stm32f3-hal/stm32f3xx_hal_rcc.o
LOAD ./system/src/newlib/assert.o
LOAD ./system/src/newlib/cxx.o
LOAD ./system/src/newlib/exit.o
LOAD ./system/src/newlib/sbrk.o
LOAD ./system/src/newlib/startup.o
LOAD ./system/src/newlib/syscalls.o
LOAD ./system/src/diag/trace-impl.o
LOAD ./system/src/diag/trace.o
LOAD ./system/src/cortexm/exception-handlers.o
LOAD ./system/src/cortexm/initialize-hardware.o
LOAD ./system/src/cortexm/reset-hardware.o
LOAD ./system/src/cmsis/system_stm32f3xx.o
LOAD ./system/src/cmsis/vectors_stm32f303xc.o
LOAD ./src/initialize-hardware.o
LOAD ./src/led.o
LOAD ./src/main.o
LOAD ./src/stm32f3xx_hal_msp.o
LOAD ./src/timer.o
LOAD ./src/write.o
LOAD c:/program files (x86)/gnu arm embedded toolchain/10 2021.07/bin/../lib/gcc/arm-none-eabi/10.3.1/../../../../arm-none-eabi/lib/thumb/v7e-m/nofp\libstdc++_nano.a
LOAD c:/program files (x86)/gnu arm embedded toolchain/10 2021.07/bin/../lib/gcc/arm-none-eabi/10.3.1/../../../../arm-none-eabi/lib/thumb/v7e-m/nofp\libm.a
START GROUP
LOAD c:/program files (x86)/gnu arm embedded toolchain/10 2021.07/bin/../lib/gcc/arm-none-eabi/10.3.1/thumb/v7e-m/nofp\libgcc.a
LOAD c:/program files (x86)/gnu arm embedded toolchain/10 2021.07/bin/../lib/gcc/arm-none-eabi/10.3.1/../../../../arm-none-eabi/lib/thumb/v7e-m/nofp\libg_nano.a
LOAD c:/program files (x86)/gnu arm embedded toolchain/10 2021.07/bin/../lib/gcc/arm-none-eabi/10.3.1/../../../../arm-none-eabi/lib/thumb/v7e-m/nofp\libc_nano.a
END GROUP
START GROUP
LOAD c:/program files (x86)/gnu arm embedded toolchain/10 2021.07/bin/../lib/gcc/arm-none-eabi/10.3.1/thumb/v7e-m/nofp\libgcc.a
LOAD c:/program files (x86)/gnu arm embedded toolchain/10 2021.07/bin/../lib/gcc/arm-none-eabi/10.3.1/../../../../arm-none-eabi/lib/thumb/v7e-m/nofp\libc_nano.a
END GROUP
                0x2000a000                __stack = (ORIGIN (RAM) + LENGTH (RAM))
                0x2000a000                _estack = __stack
                0x00000400                __Main_Stack_Size = 0x400
                [!provide]                PROVIDE (_Main_Stack_Size = __Main_Stack_Size)
                0x20009c00                __Main_Stack_Limit = (__stack - __Main_Stack_Size)
                [!provide]                PROVIDE (_Main_Stack_Limit = __Main_Stack_Limit)
                0x00000100                _Minimum_Stack_Size = 0x100
                0x20000240                PROVIDE (_Heap_Begin = _end_noinit)
                0x20009c00                PROVIDE (_Heap_Limit = (__stack - __Main_Stack_Size))

.isr_vector     0x08000000      0x3e8
 FILL mask 0xff
                0x08000000                __vectors_start = ABSOLUTE (.)
                0x08000000                __vectors_start__ = ABSOLUTE (.)
 *(.isr_vector)
 .isr_vector    0x08000000      0x188 ./system/src/cmsis/vectors_stm32f303xc.o
                0x08000000                __isr_vectors
 *(.cfmconfig)
 *(.after_vectors .after_vectors.*)
 .after_vectors
                0x08000188      0x130 ./system/src/newlib/startup.o
                0x08000188                _start
 .after_vectors
                0x080002b8      0x12c ./system/src/cortexm/exception-handlers.o
                0x080002b8                Reset_Handler
                0x080002be                NMI_Handler
                0x080002c2                HardFault_Handler
                0x080002d6                HardFault_Handler_C
                0x08000334                MemManage_Handler
                0x08000338                BusFault_Handler
                0x0800034c                BusFault_Handler_C
                0x08000380                UsageFault_Handler
                0x08000394                UsageFault_Handler_C
                0x080003c8                SVC_Handler
                0x080003cc                DebugMon_Handler
                0x080003d0                PendSV_Handler
 .after_vectors
                0x080003e4        0x4 ./system/src/cmsis/vectors_stm32f303xc.o
                0x080003e4                RTC_Alarm_IRQHandler
                0x080003e4                TIM8_TRG_COM_IRQHandler
                0x080003e4                TIM8_CC_IRQHandler
                0x080003e4                TIM1_CC_IRQHandler
                0x080003e4                USB_HP_IRQHandler
                0x080003e4                PVD_IRQHandler
                0x080003e4                TAMP_STAMP_IRQHandler
                0x080003e4                EXTI3_IRQHandler
                0x080003e4                USB_HP_CAN_TX_IRQHandler
                0x080003e4                EXTI0_IRQHandler
                0x080003e4                I2C2_EV_IRQHandler
                0x080003e4                FPU_IRQHandler
                0x080003e4                TIM1_UP_TIM16_IRQHandler
                0x080003e4                ADC1_2_IRQHandler
                0x080003e4                SPI1_IRQHandler
                0x080003e4                CAN_SCE_IRQHandler
                0x080003e4                TIM6_DAC_IRQHandler
                0x080003e4                TIM8_UP_IRQHandler
                0x080003e4                DMA2_Channel2_IRQHandler
                0x080003e4                DMA1_Channel4_IRQHandler
                0x080003e4                USART3_IRQHandler
                0x080003e4                DMA1_Channel7_IRQHandler
                0x080003e4                UART5_IRQHandler
                0x080003e4                ADC3_IRQHandler
                0x080003e4                TIM4_IRQHandler
                0x080003e4                CAN_RX1_IRQHandler
                0x080003e4                DMA2_Channel1_IRQHandler
                0x080003e4                I2C1_EV_IRQHandler
                0x080003e4                DMA1_Channel6_IRQHandler
                0x080003e4                UART4_IRQHandler
                0x080003e4                DMA2_Channel4_IRQHandler
                0x080003e4                TIM3_IRQHandler
                0x080003e4                RCC_IRQHandler
                0x080003e4                DMA1_Channel1_IRQHandler
                0x080003e4                Default_Handler
                0x080003e4                USBWakeUp_RMP_IRQHandler
                0x080003e4                EXTI15_10_IRQHandler
                0x080003e4                TIM7_IRQHandler
                0x080003e4                EXTI9_5_IRQHandler
                0x080003e4                RTC_WKUP_IRQHandler
                0x080003e4                SPI2_IRQHandler
                0x080003e4                USB_LP_CAN_RX0_IRQHandler
                0x080003e4                DMA2_Channel5_IRQHandler
                0x080003e4                DMA1_Channel5_IRQHandler
                0x080003e4                USB_LP_IRQHandler
                0x080003e4                EXTI4_IRQHandler
                0x080003e4                TIM1_TRG_COM_TIM17_IRQHandler
                0x080003e4                DMA1_Channel3_IRQHandler
                0x080003e4                ADC4_IRQHandler
                0x080003e4                WWDG_IRQHandler
                0x080003e4                TIM2_IRQHandler
                0x080003e4                COMP7_IRQHandler
                0x080003e4                COMP1_2_3_IRQHandler
                0x080003e4                EXTI1_IRQHandler
                0x080003e4                USART2_IRQHandler
                0x080003e4                COMP4_5_6_IRQHandler
                0x080003e4                I2C2_ER_IRQHandler
                0x080003e4                DMA1_Channel2_IRQHandler
                0x080003e4                TIM8_BRK_IRQHandler
                0x080003e4                FLASH_IRQHandler
                0x080003e4                USART1_IRQHandler
                0x080003e4                SPI3_IRQHandler
                0x080003e4                I2C1_ER_IRQHandler
                0x080003e4                USBWakeUp_IRQHandler
                0x080003e4                DMA2_Channel3_IRQHandler
                0x080003e4                EXTI2_TSC_IRQHandler
                0x080003e4                TIM1_BRK_TIM15_IRQHandler

.inits          0x080003e8       0x28
                0x080003e8                __data_regions_array_start = .
                0x080003e8        0x4 LONG 0x8001964 LOADADDR (.data)
                0x080003ec        0x4 LONG 0x20000000 ADDR (.data)
                0x080003f0        0x4 LONG 0x20000078 (ADDR (.data) + SIZEOF (.data))
                0x080003f4        0x4 LONG 0x8001964 LOADADDR (.data_CCMRAM)
                0x080003f8        0x4 LONG 0x10000000 ADDR (.data_CCMRAM)
                0x080003fc        0x4 LONG 0x10000000 (ADDR (.data_CCMRAM) + SIZEOF (.data_CCMRAM))
                0x08000400                __data_regions_array_end = .
                0x08000400                __bss_regions_array_start = .
                0x08000400        0x4 LONG 0x20000078 ADDR (.bss)
                0x08000404        0x4 LONG 0x20000240 (ADDR (.bss) + SIZEOF (.bss))
                0x08000408        0x4 LONG 0x10000000 ADDR (.bss_CCMRAM)
                0x0800040c        0x4 LONG 0x10000000 (ADDR (.bss_CCMRAM) + SIZEOF (.bss_CCMRAM))
                0x08000410                __bss_regions_array_end = .
 *(.init)
 *(.fini)
                0x08000410                . = ALIGN (0x4)
                0x08000410                PROVIDE (__preinit_array_start = .)
 *(.preinit_array_sysinit .preinit_array_sysinit.*)
 *(.preinit_array_platform .preinit_array_platform.*)
 *(.preinit_array .preinit_array.*)
                0x08000410                PROVIDE (__preinit_array_end = .)
                0x08000410                . = ALIGN (0x4)
                0x08000410                PROVIDE (__init_array_start = .)
 *(SORT_BY_NAME(.init_array.*))
 *(.init_array)
                0x08000410                PROVIDE (__init_array_end = .)
                0x08000410                . = ALIGN (0x4)
                0x08000410                PROVIDE (__fini_array_start = .)
 *(SORT_BY_NAME(.fini_array.*))
 *(.fini_array)
                0x08000410                PROVIDE (__fini_array_end = .)

.flashtext
 *(.flashtext .flashtext.*)

.text           0x08000410     0x1553
 *(.text .text.*)
 .text.HAL_InitTick
                0x08000410       0x4c ./system/src/stm32f3-hal/stm32f3xx_hal.o
                0x08000410                HAL_InitTick
 .text.HAL_Init
                0x0800045c       0x24 ./system/src/stm32f3-hal/stm32f3xx_hal.o
                0x0800045c                HAL_Init
 .text.HAL_IncTick
                0x08000480       0x18 ./system/src/stm32f3-hal/stm32f3xx_hal.o
                0x08000480                HAL_IncTick
 .text.HAL_NVIC_SetPriorityGrouping
                0x08000498       0x3c ./system/src/stm32f3-hal/stm32f3xx_hal_cortex.o
                0x08000498                HAL_NVIC_SetPriorityGrouping
 .text.HAL_NVIC_SetPriority
                0x080004d4       0x8c ./system/src/stm32f3-hal/stm32f3xx_hal_cortex.o
                0x080004d4                HAL_NVIC_SetPriority
 .text.HAL_SYSTICK_Config
                0x08000560       0x28 ./system/src/stm32f3-hal/stm32f3xx_hal_cortex.o
                0x08000560                HAL_SYSTICK_Config
 .text.HAL_SYSTICK_CLKSourceConfig
                0x08000588       0x3c ./system/src/stm32f3-hal/stm32f3xx_hal_cortex.o
                0x08000588                HAL_SYSTICK_CLKSourceConfig
 .text.HAL_RCC_GetHCLKFreq
                0x080005c4        0xc ./system/src/stm32f3-hal/stm32f3xx_hal_rcc.o
                0x080005c4                HAL_RCC_GetHCLKFreq
 .text._sbrk    0x080005d0       0x44 ./system/src/newlib/sbrk.o
                0x080005d0                _sbrk
 .text._exit    0x08000614       0x20 ./system/src/newlib/syscalls.o
                0x08000614                _exit
 .text.initialise_monitor_handles
                0x08000634       0xa8 ./system/src/newlib/syscalls.o
                0x08000634                initialise_monitor_handles
 .text.__initialize_args
                0x080006dc       0xc0 ./system/src/newlib/syscalls.o
                0x080006dc                __initialize_args
 .text._trace_write_semihosting_debug
                0x0800079c       0x62 ./system/src/diag/trace-impl.o
 .text.trace_write
                0x080007fe        0x8 ./system/src/diag/trace-impl.o
                0x080007fe                trace_write
 *fill*         0x08000806        0x2 
 .text.trace_printf
                0x08000808       0x34 ./system/src/diag/trace.o
                0x08000808                trace_printf
 .text.dumpExceptionStack
                0x0800083c       0xf4 ./system/src/cortexm/exception-handlers.o
                0x0800083c                dumpExceptionStack
 .text.isSemihosting
                0x08000930      0x100 ./system/src/cortexm/exception-handlers.o
                0x08000930                isSemihosting
 .text.__initialize_hardware_early
                0x08000a30       0x18 ./system/src/cortexm/initialize-hardware.o
                0x08000a30                __initialize_hardware_early
 .text.SystemInit
                0x08000a48       0x10 ./system/src/cmsis/system_stm32f3xx.o
                0x08000a48                SystemInit
 .text.SystemCoreClockUpdate
                0x08000a58       0x8c ./system/src/cmsis/system_stm32f3xx.o
                0x08000a58                SystemCoreClockUpdate
 .text.SystemClock_Config
                0x08000ae4       0x20 ./src/initialize-hardware.o
                0x08000ae4                SystemClock_Config
 .text.__initialize_hardware
                0x08000b04       0x10 ./src/initialize-hardware.o
                0x08000b04                __initialize_hardware
 .text.assert_failed
                0x08000b14       0x14 ./src/initialize-hardware.o
                0x08000b14                assert_failed
 .text.main     0x08000b28       0xf4 ./src/main.o
                0x08000b28                main
 .text.HAL_MspInit
                0x08000c1c        0x2 ./src/stm32f3xx_hal_msp.o
                0x08000c1c                HAL_MspInit
 *fill*         0x08000c1e        0x2 
 .text._ZN5timer4tickEv
                0x08000c20       0x14 ./src/timer.o
                0x08000c20                timer::tick()
 .text.SysTick_Handler
                0x08000c34        0xc ./src/timer.o
                0x08000c34                SysTick_Handler
 .text.__errno  0x08000c40        0xc c:/program files (x86)/gnu arm embedded toolchain/10 2021.07/bin/../lib/gcc/arm-none-eabi/10.3.1/../../../../arm-none-eabi/lib/thumb/v7e-m/nofp\libg_nano.a(lib_a-errno.o)
                0x08000c40                __errno
 .text.__retarget_lock_acquire_recursive
                0x08000c4c        0x2 c:/program files (x86)/gnu arm embedded toolchain/10 2021.07/bin/../lib/gcc/arm-none-eabi/10.3.1/../../../../arm-none-eabi/lib/thumb/v7e-m/nofp\libg_nano.a(lib_a-lock.o)
                0x08000c4c                __retarget_lock_acquire_recursive
 .text.__retarget_lock_release_recursive
                0x08000c4e        0x2 c:/program files (x86)/gnu arm embedded toolchain/10 2021.07/bin/../lib/gcc/arm-none-eabi/10.3.1/../../../../arm-none-eabi/lib/thumb/v7e-m/nofp\libg_nano.a(lib_a-lock.o)
                0x08000c4e                __retarget_lock_release_recursive
 .text.sbrk_aligned
                0x08000c50       0x40 c:/program files (x86)/gnu arm embedded toolchain/10 2021.07/bin/../lib/gcc/arm-none-eabi/10.3.1/../../../../arm-none-eabi/lib/thumb/v7e-m/nofp\libg_nano.a(lib_a-nano-mallocr.o)
 .text._malloc_r
                0x08000c90       0xe8 c:/program files (x86)/gnu arm embedded toolchain/10 2021.07/bin/../lib/gcc/arm-none-eabi/10.3.1/../../../../arm-none-eabi/lib/thumb/v7e-m/nofp\libg_nano.a(lib_a-nano-mallocr.o)
                0x08000c90                _malloc_r
 .text._sbrk_r  0x08000d78       0x20 c:/program files (x86)/gnu arm embedded toolchain/10 2021.07/bin/../lib/gcc/arm-none-eabi/10.3.1/../../../../arm-none-eabi/lib/thumb/v7e-m/nofp\libg_nano.a(lib_a-sbrkr.o)
                0x08000d78                _sbrk_r
 .text          0x08000d98       0x14 c:/program files (x86)/gnu arm embedded toolchain/10 2021.07/bin/../lib/gcc/arm-none-eabi/10.3.1/../../../../arm-none-eabi/lib/thumb/v7e-m/nofp\libg_nano.a(lib_a-strcmp.o)
                0x08000d98                strcmp
 .text._vsnprintf_r
                0x08000dac       0x56 c:/program files (x86)/gnu arm embedded toolchain/10 2021.07/bin/../lib/gcc/arm-none-eabi/10.3.1/../../../../arm-none-eabi/lib/thumb/v7e-m/nofp\libg_nano.a(lib_a-vsnprintf.o)
                0x08000dac                _vsniprintf_r
                0x08000dac                _vsnprintf_r
 *fill*         0x08000e02        0x2 
 .text.vsnprintf
                0x08000e04       0x1c c:/program files (x86)/gnu arm embedded toolchain/10 2021.07/bin/../lib/gcc/arm-none-eabi/10.3.1/../../../../arm-none-eabi/lib/thumb/v7e-m/nofp\libg_nano.a(lib_a-vsnprintf.o)
                0x08000e04                vsniprintf
                0x08000e04                vsnprintf
 .text.__malloc_lock
                0x08000e20        0xc c:/program files (x86)/gnu arm embedded toolchain/10 2021.07/bin/../lib/gcc/arm-none-eabi/10.3.1/../../../../arm-none-eabi/lib/thumb/v7e-m/nofp\libg_nano.a(lib_a-mlock.o)
                0x08000e20                __malloc_lock
 .text.__malloc_unlock
                0x08000e2c        0xc c:/program files (x86)/gnu arm embedded toolchain/10 2021.07/bin/../lib/gcc/arm-none-eabi/10.3.1/../../../../arm-none-eabi/lib/thumb/v7e-m/nofp\libg_nano.a(lib_a-mlock.o)
                0x08000e2c                __malloc_unlock
 .text._free_r  0x08000e38       0x94 c:/program files (x86)/gnu arm embedded toolchain/10 2021.07/bin/../lib/gcc/arm-none-eabi/10.3.1/../../../../arm-none-eabi/lib/thumb/v7e-m/nofp\libg_nano.a(lib_a-nano-freer.o)
                0x08000e38                _free_r
 .text.__ssputs_r
                0x08000ecc       0xb6 c:/program files (x86)/gnu arm embedded toolchain/10 2021.07/bin/../lib/gcc/arm-none-eabi/10.3.1/../../../../arm-none-eabi/lib/thumb/v7e-m/nofp\libg_nano.a(lib_a-nano-svfprintf.o)
                0x08000ecc                __ssputs_r
 *fill*         0x08000f82        0x2 
 .text._svfprintf_r
                0x08000f84      0x200 c:/program files (x86)/gnu arm embedded toolchain/10 2021.07/bin/../lib/gcc/arm-none-eabi/10.3.1/../../../../arm-none-eabi/lib/thumb/v7e-m/nofp\libg_nano.a(lib_a-nano-svfprintf.o)
                0x08000f84                _svfiprintf_r
                0x08000f84                _svfprintf_r
 .text._printf_common
                0x08001184       0xda c:/program files (x86)/gnu arm embedded toolchain/10 2021.07/bin/../lib/gcc/arm-none-eabi/10.3.1/../../../../arm-none-eabi/lib/thumb/v7e-m/nofp\libg_nano.a(lib_a-nano-vfprintf_i.o)
                0x08001184                _printf_common
 *fill*         0x0800125e        0x2 
 .text._printf_i
                0x08001260      0x24c c:/program files (x86)/gnu arm embedded toolchain/10 2021.07/bin/../lib/gcc/arm-none-eabi/10.3.1/../../../../arm-none-eabi/lib/thumb/v7e-m/nofp\libg_nano.a(lib_a-nano-vfprintf_i.o)
                0x08001260                _printf_i
 *fill*         0x080014ac        0x4 
 .text          0x080014b0       0xa0 c:/program files (x86)/gnu arm embedded toolchain/10 2021.07/bin/../lib/gcc/arm-none-eabi/10.3.1/../../../../arm-none-eabi/lib/thumb/v7e-m/nofp\libg_nano.a(lib_a-memchr.o)
                0x080014b0                memchr
 .text.memcpy   0x08001550       0x1c c:/program files (x86)/gnu arm embedded toolchain/10 2021.07/bin/../lib/gcc/arm-none-eabi/10.3.1/../../../../arm-none-eabi/lib/thumb/v7e-m/nofp\libg_nano.a(lib_a-memcpy-stub.o)
                0x08001550                memcpy
 .text.memmove  0x0800156c       0x34 c:/program files (x86)/gnu arm embedded toolchain/10 2021.07/bin/../lib/gcc/arm-none-eabi/10.3.1/../../../../arm-none-eabi/lib/thumb/v7e-m/nofp\libg_nano.a(lib_a-memmove.o)
                0x0800156c                memmove
 .text._realloc_r
                0x080015a0       0x5e c:/program files (x86)/gnu arm embedded toolchain/10 2021.07/bin/../lib/gcc/arm-none-eabi/10.3.1/../../../../arm-none-eabi/lib/thumb/v7e-m/nofp\libg_nano.a(lib_a-nano-reallocr.o)
                0x080015a0                _realloc_r
 .text._malloc_usable_size_r
                0x080015fe       0x10 c:/program files (x86)/gnu arm embedded toolchain/10 2021.07/bin/../lib/gcc/arm-none-eabi/10.3.1/../../../../arm-none-eabi/lib/thumb/v7e-m/nofp\libg_nano.a(lib_a-nano-msizer.o)
                0x080015fe                _malloc_usable_size_r
 *(.rodata .rodata.* .constdata .constdata.*)
 *fill*         0x0800160e        0x2 
 .rodata.HAL_NVIC_SetPriorityGrouping.str1.4
                0x08001610       0x31 ./system/src/stm32f3-hal/stm32f3xx_hal_cortex.o
 *fill*         0x08001641        0x3 
 .rodata.initialise_monitor_handles.str1.4
                0x08001644        0x4 ./system/src/newlib/syscalls.o
 .rodata.dumpExceptionStack.str1.4
                0x08001648      0x11a ./system/src/cortexm/exception-handlers.o
 .rodata.isSemihosting.str1.4
                0x08001762        0x4 ./system/src/cortexm/exception-handlers.o
 *fill*         0x08001762        0x2 
 .rodata.str1.4
                0x08001764       0x2a ./system/src/cortexm/exception-handlers.o
 *fill*         0x0800178e        0x2 
 .rodata.AHBPrescTable
                0x08001790       0x10 ./system/src/cmsis/system_stm32f3xx.o
                0x08001790                AHBPrescTable
 .rodata.assert_failed.str1.4
                0x080017a0       0x2d ./src/initialize-hardware.o
 .rodata._ctype_
                0x080017cd      0x101 c:/program files (x86)/gnu arm embedded toolchain/10 2021.07/bin/../lib/gcc/arm-none-eabi/10.3.1/../../../../arm-none-eabi/lib/thumb/v7e-m/nofp\libg_nano.a(lib_a-ctype_.o)
                0x080017cd                _ctype_
 *fill*         0x080018ce        0x2 
 .rodata.__sf_fake_stderr
                0x080018d0       0x20 c:/program files (x86)/gnu arm embedded toolchain/10 2021.07/bin/../lib/gcc/arm-none-eabi/10.3.1/../../../../arm-none-eabi/lib/thumb/v7e-m/nofp\libg_nano.a(lib_a-findfp.o)
                0x080018d0                __sf_fake_stderr
 .rodata.__sf_fake_stdin
                0x080018f0       0x20 c:/program files (x86)/gnu arm embedded toolchain/10 2021.07/bin/../lib/gcc/arm-none-eabi/10.3.1/../../../../arm-none-eabi/lib/thumb/v7e-m/nofp\libg_nano.a(lib_a-findfp.o)
                0x080018f0                __sf_fake_stdin
 .rodata.__sf_fake_stdout
                0x08001910       0x20 c:/program files (x86)/gnu arm embedded toolchain/10 2021.07/bin/../lib/gcc/arm-none-eabi/10.3.1/../../../../arm-none-eabi/lib/thumb/v7e-m/nofp\libg_nano.a(lib_a-findfp.o)
                0x08001910                __sf_fake_stdout
 .rodata._svfprintf_r.str1.1
                0x08001930       0x11 c:/program files (x86)/gnu arm embedded toolchain/10 2021.07/bin/../lib/gcc/arm-none-eabi/10.3.1/../../../../arm-none-eabi/lib/thumb/v7e-m/nofp\libg_nano.a(lib_a-nano-svfprintf.o)
 .rodata._printf_i.str1.1
                0x08001941       0x22 c:/program files (x86)/gnu arm embedded toolchain/10 2021.07/bin/../lib/gcc/arm-none-eabi/10.3.1/../../../../arm-none-eabi/lib/thumb/v7e-m/nofp\libg_nano.a(lib_a-nano-vfprintf_i.o)
 *(vtable)
 *(.eh_frame*)
 *(.glue_7)
 .glue_7        0x08001963        0x0 linker stubs
 *(.glue_7t)
 .glue_7t       0x08001963        0x0 linker stubs

.vfp11_veneer   0x08001964        0x0
 .vfp11_veneer  0x08001964        0x0 linker stubs

.v4_bx          0x08001964        0x0
 .v4_bx         0x08001964        0x0 linker stubs

.iplt           0x08001964        0x0
 .iplt          0x08001964        0x0 ./system/src/stm32f3-hal/stm32f3xx_hal.o

.rel.dyn        0x08001964        0x0
 .rel.iplt      0x08001964        0x0 ./system/src/stm32f3-hal/stm32f3xx_hal.o

.ARM.extab
 *(.ARM.extab* .gnu.linkonce.armextab.*)
                0x08001964                . = ALIGN (0x4)
                0x08001964                __exidx_start = .

.ARM.exidx
 *(.ARM.exidx* .gnu.linkonce.armexidx.*)
                0x08001964                __exidx_end = .
                0x08001964                . = ALIGN (0x4)
                0x08001964                _etext = .
                0x08001964                __etext = .

.data_CCMRAM    0x10000000        0x0 load address 0x08001964
 FILL mask 0xff
 *(.data.CCMRAM .data.CCMRAM.*)
                0x10000000                . = ALIGN (0x4)
                0x08001964                _sidata = LOADADDR (.data)

.data           0x20000000       0x78 load address 0x08001964
 FILL mask 0xff
                0x20000000                _sdata = .
                0x20000000                __data_start__ = .
 *(.data_begin .data_begin.*)
 .data_begin    0x20000000        0x4 ./system/src/newlib/startup.o
 *(.data .data.*)
 .data.uwTickFreq
                0x20000004        0x1 ./system/src/stm32f3-hal/stm32f3xx_hal.o
                0x20000004                uwTickFreq
 *fill*         0x20000005        0x3 ff
 .data.uwTickPrio
                0x20000008        0x4 ./system/src/stm32f3-hal/stm32f3xx_hal.o
                0x20000008                uwTickPrio
 .data.SystemCoreClock
                0x2000000c        0x4 ./system/src/cmsis/system_stm32f3xx.o
                0x2000000c                SystemCoreClock
 .data._impure_ptr
                0x20000010        0x4 c:/program files (x86)/gnu arm embedded toolchain/10 2021.07/bin/../lib/gcc/arm-none-eabi/10.3.1/../../../../arm-none-eabi/lib/thumb/v7e-m/nofp\libg_nano.a(lib_a-impure.o)
                0x20000010                _impure_ptr
 .data.impure_data
                0x20000014       0x60 c:/program files (x86)/gnu arm embedded toolchain/10 2021.07/bin/../lib/gcc/arm-none-eabi/10.3.1/../../../../arm-none-eabi/lib/thumb/v7e-m/nofp\libg_nano.a(lib_a-impure.o)
 *(.data_end .data_end.*)
 .data_end      0x20000074        0x4 ./system/src/newlib/startup.o
                0x20000078                . = ALIGN (0x4)
                0x20000078                _edata = .
                0x20000078                __data_end__ = .

.igot.plt       0x20000078        0x0 load address 0x080019dc
 .igot.plt      0x20000078        0x0 ./system/src/stm32f3-hal/stm32f3xx_hal.o

.bss_CCMRAM     0x10000000        0x0
 *(.bss.CCMRAM .bss.CCMRAM.*)

.bss            0x20000078      0x1c8
                0x20000078                __bss_start__ = .
                0x20000078                _sbss = .
 *(.bss_begin .bss_begin.*)
 .bss_begin     0x20000078        0x4 ./system/src/newlib/startup.o
 *(.bss .bss.*)
 .bss.uwTick    0x2000007c        0x4 ./system/src/stm32f3-hal/stm32f3xx_hal.o
                0x2000007c                uwTick
 .bss.current_heap_end.0
                0x20000080        0x4 ./system/src/newlib/sbrk.o
 .bss.args_buf.1
                0x20000084       0x50 ./system/src/newlib/syscalls.o
 .bss.argv_buf.0
                0x200000d4       0x28 ./system/src/newlib/syscalls.o
 .bss.errno     0x200000fc        0x4 ./system/src/newlib/syscalls.o
                0x200000fc                errno
 .bss.monitor_stderr
                0x20000100        0x4 ./system/src/newlib/syscalls.o
 .bss.monitor_stdin
                0x20000104        0x4 ./system/src/newlib/syscalls.o
 .bss.monitor_stdout
                0x20000108        0x4 ./system/src/newlib/syscalls.o
 .bss.openfiles
                0x2000010c       0xa0 ./system/src/newlib/syscalls.o
 .bss.buf.0     0x200001ac       0x80 ./system/src/diag/trace.o
 .bss._ZN5timer13ms_delayCountE
                0x2000022c        0x4 ./src/timer.o
                0x2000022c                timer::ms_delayCount
 .bss.__lock___malloc_recursive_mutex
                0x20000230        0x1 c:/program files (x86)/gnu arm embedded toolchain/10 2021.07/bin/../lib/gcc/arm-none-eabi/10.3.1/../../../../arm-none-eabi/lib/thumb/v7e-m/nofp\libg_nano.a(lib_a-lock.o)
                0x20000230                __lock___malloc_recursive_mutex
 *fill*         0x20000231        0x3 
 .bss.__malloc_free_list
                0x20000234        0x4 c:/program files (x86)/gnu arm embedded toolchain/10 2021.07/bin/../lib/gcc/arm-none-eabi/10.3.1/../../../../arm-none-eabi/lib/thumb/v7e-m/nofp\libg_nano.a(lib_a-nano-mallocr.o)
                0x20000234                __malloc_free_list
 .bss.__malloc_sbrk_start
                0x20000238        0x4 c:/program files (x86)/gnu arm embedded toolchain/10 2021.07/bin/../lib/gcc/arm-none-eabi/10.3.1/../../../../arm-none-eabi/lib/thumb/v7e-m/nofp\libg_nano.a(lib_a-nano-mallocr.o)
                0x20000238                __malloc_sbrk_start
 *(COMMON)
 *(.bss_end .bss_end.*)
 .bss_end       0x2000023c        0x4 ./system/src/newlib/startup.o
                0x20000240                . = ALIGN (0x4)
                0x20000240                __bss_end__ = .
                0x20000240                _ebss = .

.noinit_CCMRAM
 *(.noinit.CCMRAM .noinit.CCMRAM.*)

.noinit         0x20000240        0x0
                0x20000240                _noinit = .
 *(.noinit .noinit.*)
                0x20000240                . = ALIGN (0x4)
                0x20000240                _end_noinit = .
                [!provide]                PROVIDE (end = _end_noinit)
                [!provide]                PROVIDE (_end = _end_noinit)
                [!provide]                PROVIDE (__end = _end_noinit)
                [!provide]                PROVIDE (__end__ = _end_noinit)

._check_stack   0x20000240      0x100
                0x20000340                . = (. + _Minimum_Stack_Size)
 *fill*         0x20000240      0x100 

.b1text
 *(.b1text)
 *(.b1rodata)
 *(.b1rodata.*)

.eb0text
 *(.eb0text)
 *(.eb0rodata)
 *(.eb0rodata.*)

.eb1text
 *(.eb1text)
 *(.eb1rodata)
 *(.eb1rodata.*)

.eb2text
 *(.eb2text)
 *(.eb2rodata)
 *(.eb2rodata.*)

.eb3text
 *(.eb3text)
 *(.eb3rodata)
 *(.eb3rodata.*)

.stab
 *(.stab)

.stabstr
 *(.stabstr)

.stab.excl
 *(.stab.excl)

.stab.exclstr
 *(.stab.exclstr)

.stab.index
 *(.stab.index)

.stab.indexstr
 *(.stab.indexstr)

.comment        0x00000000       0x49
 *(.comment)
 .comment       0x00000000       0x49 ./system/src/stm32f3-hal/stm32f3xx_hal.o
                                 0x4a (size before relaxing)
 .comment       0x00000049       0x4a ./system/src/stm32f3-hal/stm32f3xx_hal_cortex.o
 .comment       0x00000049       0x4a ./system/src/stm32f3-hal/stm32f3xx_hal_rcc.o
 .comment       0x00000049       0x4a ./system/src/newlib/sbrk.o
 .comment       0x00000049       0x4a ./system/src/newlib/startup.o
 .comment       0x00000049       0x4a ./system/src/newlib/syscalls.o
 .comment       0x00000049       0x4a ./system/src/diag/trace-impl.o
 .comment       0x00000049       0x4a ./system/src/diag/trace.o
 .comment       0x00000049       0x4a ./system/src/cortexm/exception-handlers.o
 .comment       0x00000049       0x4a ./system/src/cortexm/initialize-hardware.o
 .comment       0x00000049       0x4a ./system/src/cmsis/system_stm32f3xx.o
 .comment       0x00000049       0x4a ./system/src/cmsis/vectors_stm32f303xc.o
 .comment       0x00000049       0x4a ./src/initialize-hardware.o
 .comment       0x00000049       0x4a ./src/main.o
 .comment       0x00000049       0x4a ./src/stm32f3xx_hal_msp.o
 .comment       0x00000049       0x4a ./src/timer.o

.ARM.attributes
                0x00000000       0x2c
 .ARM.attributes
                0x00000000       0x2e ./system/src/stm32f3-hal/stm32f3xx_hal.o
 .ARM.attributes
                0x0000002e       0x2e ./system/src/stm32f3-hal/stm32f3xx_hal_cortex.o
 .ARM.attributes
                0x0000005c       0x2e ./system/src/stm32f3-hal/stm32f3xx_hal_rcc.o
 .ARM.attributes
                0x0000008a       0x2e ./system/src/newlib/sbrk.o
 .ARM.attributes
                0x000000b8       0x2e ./system/src/newlib/startup.o
 .ARM.attributes
                0x000000e6       0x2e ./system/src/newlib/syscalls.o
 .ARM.attributes
                0x00000114       0x2e ./system/src/diag/trace-impl.o
 .ARM.attributes
                0x00000142       0x2e ./system/src/diag/trace.o
 .ARM.attributes
                0x00000170       0x2e ./system/src/cortexm/exception-handlers.o
 .ARM.attributes
                0x0000019e       0x2e ./system/src/cortexm/initialize-hardware.o
 .ARM.attributes
                0x000001cc       0x2e ./system/src/cmsis/system_stm32f3xx.o
 .ARM.attributes
                0x000001fa       0x2e ./system/src/cmsis/vectors_stm32f303xc.o
 .ARM.attributes
                0x00000228       0x2e ./src/initialize-hardware.o
 .ARM.attributes
                0x00000256       0x2e ./src/main.o
 .ARM.attributes
                0x00000284       0x2e ./src/stm32f3xx_hal_msp.o
 .ARM.attributes
                0x000002b2       0x2e ./src/timer.o
 .ARM.attributes
                0x000002e0       0x2e c:/program files (x86)/gnu arm embedded toolchain/10 2021.07/bin/../lib/gcc/arm-none-eabi/10.3.1/../../../../arm-none-eabi/lib/thumb/v7e-m/nofp\libg_nano.a(lib_a-ctype_.o)
 .ARM.attributes
                0x0000030e       0x2e c:/program files (x86)/gnu arm embedded toolchain/10 2021.07/bin/../lib/gcc/arm-none-eabi/10.3.1/../../../../arm-none-eabi/lib/thumb/v7e-m/nofp\libg_nano.a(lib_a-errno.o)
 .ARM.attributes
                0x0000033c       0x2e c:/program files (x86)/gnu arm embedded toolchain/10 2021.07/bin/../lib/gcc/arm-none-eabi/10.3.1/../../../../arm-none-eabi/lib/thumb/v7e-m/nofp\libg_nano.a(lib_a-findfp.o)
 .ARM.attributes
                0x0000036a       0x2e c:/program files (x86)/gnu arm embedded toolchain/10 2021.07/bin/../lib/gcc/arm-none-eabi/10.3.1/../../../../arm-none-eabi/lib/thumb/v7e-m/nofp\libg_nano.a(lib_a-impure.o)
 .ARM.attributes
                0x00000398       0x2e c:/program files (x86)/gnu arm embedded toolchain/10 2021.07/bin/../lib/gcc/arm-none-eabi/10.3.1/../../../../arm-none-eabi/lib/thumb/v7e-m/nofp\libg_nano.a(lib_a-lock.o)
 .ARM.attributes
                0x000003c6       0x2e c:/program files (x86)/gnu arm embedded toolchain/10 2021.07/bin/../lib/gcc/arm-none-eabi/10.3.1/../../../../arm-none-eabi/lib/thumb/v7e-m/nofp\libg_nano.a(lib_a-nano-mallocr.o)
 .ARM.attributes
                0x000003f4       0x2e c:/program files (x86)/gnu arm embedded toolchain/10 2021.07/bin/../lib/gcc/arm-none-eabi/10.3.1/../../../../arm-none-eabi/lib/thumb/v7e-m/nofp\libg_nano.a(lib_a-sbrkr.o)
 .ARM.attributes
                0x00000422       0x1c c:/program files (x86)/gnu arm embedded toolchain/10 2021.07/bin/../lib/gcc/arm-none-eabi/10.3.1/../../../../arm-none-eabi/lib/thumb/v7e-m/nofp\libg_nano.a(lib_a-strcmp.o)
 .ARM.attributes
                0x0000043e       0x2e c:/program files (x86)/gnu arm embedded toolchain/10 2021.07/bin/../lib/gcc/arm-none-eabi/10.3.1/../../../../arm-none-eabi/lib/thumb/v7e-m/nofp\libg_nano.a(lib_a-vsnprintf.o)
 .ARM.attributes
                0x0000046c       0x2e c:/program files (x86)/gnu arm embedded toolchain/10 2021.07/bin/../lib/gcc/arm-none-eabi/10.3.1/../../../../arm-none-eabi/lib/thumb/v7e-m/nofp\libg_nano.a(lib_a-mlock.o)
 .ARM.attributes
                0x0000049a       0x2e c:/program files (x86)/gnu arm embedded toolchain/10 2021.07/bin/../lib/gcc/arm-none-eabi/10.3.1/../../../../arm-none-eabi/lib/thumb/v7e-m/nofp\libg_nano.a(lib_a-nano-freer.o)
 .ARM.attributes
                0x000004c8       0x2e c:/program files (x86)/gnu arm embedded toolchain/10 2021.07/bin/../lib/gcc/arm-none-eabi/10.3.1/../../../../arm-none-eabi/lib/thumb/v7e-m/nofp\libg_nano.a(lib_a-nano-svfprintf.o)
 .ARM.attributes
                0x000004f6       0x2e c:/program files (x86)/gnu arm embedded toolchain/10 2021.07/bin/../lib/gcc/arm-none-eabi/10.3.1/../../../../arm-none-eabi/lib/thumb/v7e-m/nofp\libg_nano.a(lib_a-nano-vfprintf_i.o)
 .ARM.attributes
                0x00000524       0x1c c:/program files (x86)/gnu arm embedded toolchain/10 2021.07/bin/../lib/gcc/arm-none-eabi/10.3.1/../../../../arm-none-eabi/lib/thumb/v7e-m/nofp\libg_nano.a(lib_a-memchr.o)
 .ARM.attributes
                0x00000540       0x2e c:/program files (x86)/gnu arm embedded toolchain/10 2021.07/bin/../lib/gcc/arm-none-eabi/10.3.1/../../../../arm-none-eabi/lib/thumb/v7e-m/nofp\libg_nano.a(lib_a-memcpy-stub.o)
 .ARM.attributes
                0x0000056e       0x2e c:/program files (x86)/gnu arm embedded toolchain/10 2021.07/bin/../lib/gcc/arm-none-eabi/10.3.1/../../../../arm-none-eabi/lib/thumb/v7e-m/nofp\libg_nano.a(lib_a-memmove.o)
 .ARM.attributes
                0x0000059c       0x2e c:/program files (x86)/gnu arm embedded toolchain/10 2021.07/bin/../lib/gcc/arm-none-eabi/10.3.1/../../../../arm-none-eabi/lib/thumb/v7e-m/nofp\libg_nano.a(lib_a-nano-reallocr.o)
 .ARM.attributes
                0x000005ca       0x2e c:/program files (x86)/gnu arm embedded toolchain/10 2021.07/bin/../lib/gcc/arm-none-eabi/10.3.1/../../../../arm-none-eabi/lib/thumb/v7e-m/nofp\libg_nano.a(lib_a-nano-msizer.o)

.debug
 *(.debug)

.line
 *(.line)

.debug_srcinfo
 *(.debug_srcinfo)

.debug_sfnames
 *(.debug_sfnames)

.debug_aranges  0x00000000      0x5b8
 *(.debug_aranges)
 .debug_aranges
                0x00000000       0xe0 ./system/src/stm32f3-hal/stm32f3xx_hal.o
 .debug_aranges
                0x000000e0       0xa8 ./system/src/stm32f3-hal/stm32f3xx_hal_cortex.o
 .debug_aranges
                0x00000188       0x88 ./system/src/stm32f3-hal/stm32f3xx_hal_rcc.o
 .debug_aranges
                0x00000210       0x20 ./system/src/newlib/sbrk.o
 .debug_aranges
                0x00000230       0x40 ./system/src/newlib/startup.o
 .debug_aranges
                0x00000270      0x120 ./system/src/newlib/syscalls.o
 .debug_aranges
                0x00000390       0x30 ./system/src/diag/trace-impl.o
 .debug_aranges
                0x000003c0       0x38 ./system/src/diag/trace.o
 .debug_aranges
                0x000003f8       0x90 ./system/src/cortexm/exception-handlers.o
 .debug_aranges
                0x00000488       0x28 ./system/src/cortexm/initialize-hardware.o
 .debug_aranges
                0x000004b0       0x28 ./system/src/cmsis/system_stm32f3xx.o
 .debug_aranges
                0x000004d8       0x20 ./system/src/cmsis/vectors_stm32f303xc.o
 .debug_aranges
                0x000004f8       0x30 ./src/initialize-hardware.o
 .debug_aranges
                0x00000528       0x20 ./src/main.o
 .debug_aranges
                0x00000548       0x38 ./src/stm32f3xx_hal_msp.o
 .debug_aranges
                0x00000580       0x38 ./src/timer.o

.debug_pubnames
 *(.debug_pubnames)

.debug_info     0x00000000     0x83e0
 *(.debug_info .gnu.linkonce.wi.*)
 .debug_info    0x00000000      0x8c2 ./system/src/stm32f3-hal/stm32f3xx_hal.o
 .debug_info    0x000008c2     0x122c ./system/src/stm32f3-hal/stm32f3xx_hal_cortex.o
 .debug_info    0x00001aee     0x18ac ./system/src/stm32f3-hal/stm32f3xx_hal_rcc.o
 .debug_info    0x0000339a      0x112 ./system/src/newlib/sbrk.o
 .debug_info    0x000034ac      0x57f ./system/src/newlib/startup.o
 .debug_info    0x00003a2b     0x22f4 ./system/src/newlib/syscalls.o
 .debug_info    0x00005d1f      0x320 ./system/src/diag/trace-impl.o
 .debug_info    0x0000603f      0x30b ./system/src/diag/trace.o
 .debug_info    0x0000634a      0xa4f ./system/src/cortexm/exception-handlers.o
 .debug_info    0x00006d99      0x2cb ./system/src/cortexm/initialize-hardware.o
 .debug_info    0x00007064      0x42a ./system/src/cmsis/system_stm32f3xx.o
 .debug_info    0x0000748e       0xce ./system/src/cmsis/vectors_stm32f303xc.o
 .debug_info    0x0000755c      0x1ca ./src/initialize-hardware.o
 .debug_info    0x00007726      0x412 ./src/main.o
 .debug_info    0x00007b38       0xbf ./src/stm32f3xx_hal_msp.o
 .debug_info    0x00007bf7      0x7e9 ./src/timer.o

.debug_abbrev   0x00000000     0x1dba
 *(.debug_abbrev)
 .debug_abbrev  0x00000000      0x20a ./system/src/stm32f3-hal/stm32f3xx_hal.o
 .debug_abbrev  0x0000020a      0x372 ./system/src/stm32f3-hal/stm32f3xx_hal_cortex.o
 .debug_abbrev  0x0000057c      0x2f8 ./system/src/stm32f3-hal/stm32f3xx_hal_rcc.o
 .debug_abbrev  0x00000874       0xcd ./system/src/newlib/sbrk.o
 .debug_abbrev  0x00000941      0x1fa ./system/src/newlib/startup.o
 .debug_abbrev  0x00000b3b      0x499 ./system/src/newlib/syscalls.o
 .debug_abbrev  0x00000fd4      0x1eb ./system/src/diag/trace-impl.o
 .debug_abbrev  0x000011bf      0x173 ./system/src/diag/trace.o
 .debug_abbrev  0x00001332      0x2ba ./system/src/cortexm/exception-handlers.o
 .debug_abbrev  0x000015ec       0xe9 ./system/src/cortexm/initialize-hardware.o
 .debug_abbrev  0x000016d5      0x11c ./system/src/cmsis/system_stm32f3xx.o
 .debug_abbrev  0x000017f1       0xa5 ./system/src/cmsis/vectors_stm32f303xc.o
 .debug_abbrev  0x00001896       0xbd ./src/initialize-hardware.o
 .debug_abbrev  0x00001953      0x123 ./src/main.o
 .debug_abbrev  0x00001a76       0x47 ./src/stm32f3xx_hal_msp.o
 .debug_abbrev  0x00001abd      0x2fd ./src/timer.o

.debug_line     0x00000000     0xa7a3
 *(.debug_line)
 .debug_line    0x00000000      0xbd4 ./system/src/stm32f3-hal/stm32f3xx_hal.o
 .debug_line    0x00000bd4      0xecb ./system/src/stm32f3-hal/stm32f3xx_hal_cortex.o
 .debug_line    0x00001a9f     0x19ce ./system/src/stm32f3-hal/stm32f3xx_hal_rcc.o
 .debug_line    0x0000346d      0x36f ./system/src/newlib/sbrk.o
 .debug_line    0x000037dc      0x664 ./system/src/newlib/startup.o
 .debug_line    0x00003e40     0x113c ./system/src/newlib/syscalls.o
 .debug_line    0x00004f7c      0xac4 ./system/src/diag/trace-impl.o
 .debug_line    0x00005a40      0x462 ./system/src/diag/trace.o
 .debug_line    0x00005ea2      0xe31 ./system/src/cortexm/exception-handlers.o
 .debug_line    0x00006cd3      0x8da ./system/src/cortexm/initialize-hardware.o
 .debug_line    0x000075ad      0x959 ./system/src/cmsis/system_stm32f3xx.o
 .debug_line    0x00007f06      0x272 ./system/src/cmsis/vectors_stm32f303xc.o
 .debug_line    0x00008178      0xa0b ./src/initialize-hardware.o
 .debug_line    0x00008b83      0x9be ./src/main.o
 .debug_line    0x00009541      0x8cb ./src/stm32f3xx_hal_msp.o
 .debug_line    0x00009e0c      0x997 ./src/timer.o

.debug_frame    0x00000000     0x125c
 *(.debug_frame)
 .debug_frame   0x00000000      0x1d0 ./system/src/stm32f3-hal/stm32f3xx_hal.o
 .debug_frame   0x000001d0      0x17c ./system/src/stm32f3-hal/stm32f3xx_hal_cortex.o
 .debug_frame   0x0000034c      0x184 ./system/src/stm32f3-hal/stm32f3xx_hal_rcc.o
 .debug_frame   0x000004d0       0x28 ./system/src/newlib/sbrk.o
 .debug_frame   0x000004f8       0x7c ./system/src/newlib/startup.o
 .debug_frame   0x00000574      0x3d8 ./system/src/newlib/syscalls.o
 .debug_frame   0x0000094c       0x64 ./system/src/diag/trace-impl.o
 .debug_frame   0x000009b0       0x94 ./system/src/diag/trace.o
 .debug_frame   0x00000a44      0x164 ./system/src/cortexm/exception-handlers.o
 .debug_frame   0x00000ba8       0x40 ./system/src/cortexm/initialize-hardware.o
 .debug_frame   0x00000be8       0x30 ./system/src/cmsis/system_stm32f3xx.o
 .debug_frame   0x00000c18       0x20 ./system/src/cmsis/vectors_stm32f303xc.o
 .debug_frame   0x00000c38       0x58 ./src/initialize-hardware.o
 .debug_frame   0x00000c90       0x20 ./src/main.o
 .debug_frame   0x00000cb0       0x50 ./src/stm32f3xx_hal_msp.o
 .debug_frame   0x00000d00       0x58 ./src/timer.o
 .debug_frame   0x00000d58       0x20 c:/program files (x86)/gnu arm embedded toolchain/10 2021.07/bin/../lib/gcc/arm-none-eabi/10.3.1/../../../../arm-none-eabi/lib/thumb/v7e-m/nofp\libg_nano.a(lib_a-errno.o)
 .debug_frame   0x00000d78      0x14c c:/program files (x86)/gnu arm embedded toolchain/10 2021.07/bin/../lib/gcc/arm-none-eabi/10.3.1/../../../../arm-none-eabi/lib/thumb/v7e-m/nofp\libg_nano.a(lib_a-findfp.o)
 .debug_frame   0x00000ec4       0xb0 c:/program files (x86)/gnu arm embedded toolchain/10 2021.07/bin/../lib/gcc/arm-none-eabi/10.3.1/../../../../arm-none-eabi/lib/thumb/v7e-m/nofp\libg_nano.a(lib_a-lock.o)
 .debug_frame   0x00000f74       0x4c c:/program files (x86)/gnu arm embedded toolchain/10 2021.07/bin/../lib/gcc/arm-none-eabi/10.3.1/../../../../arm-none-eabi/lib/thumb/v7e-m/nofp\libg_nano.a(lib_a-nano-mallocr.o)
 .debug_frame   0x00000fc0       0x2c c:/program files (x86)/gnu arm embedded toolchain/10 2021.07/bin/../lib/gcc/arm-none-eabi/10.3.1/../../../../arm-none-eabi/lib/thumb/v7e-m/nofp\libg_nano.a(lib_a-sbrkr.o)
 .debug_frame   0x00000fec       0x20 c:/program files (x86)/gnu arm embedded toolchain/10 2021.07/bin/../lib/gcc/arm-none-eabi/10.3.1/../../../../arm-none-eabi/lib/thumb/v7e-m/nofp\libg_nano.a(lib_a-strcmp.o)
 .debug_frame   0x0000100c       0x4c c:/program files (x86)/gnu arm embedded toolchain/10 2021.07/bin/../lib/gcc/arm-none-eabi/10.3.1/../../../../arm-none-eabi/lib/thumb/v7e-m/nofp\libg_nano.a(lib_a-vsnprintf.o)
 .debug_frame   0x00001058       0x30 c:/program files (x86)/gnu arm embedded toolchain/10 2021.07/bin/../lib/gcc/arm-none-eabi/10.3.1/../../../../arm-none-eabi/lib/thumb/v7e-m/nofp\libg_nano.a(lib_a-mlock.o)
 .debug_frame   0x00001088       0x38 c:/program files (x86)/gnu arm embedded toolchain/10 2021.07/bin/../lib/gcc/arm-none-eabi/10.3.1/../../../../arm-none-eabi/lib/thumb/v7e-m/nofp\libg_nano.a(lib_a-nano-freer.o)
 .debug_frame   0x000010c0       0x90 c:/program files (x86)/gnu arm embedded toolchain/10 2021.07/bin/../lib/gcc/arm-none-eabi/10.3.1/../../../../arm-none-eabi/lib/thumb/v7e-m/nofp\libg_nano.a(lib_a-nano-svfprintf.o)
 .debug_frame   0x00001150       0x60 c:/program files (x86)/gnu arm embedded toolchain/10 2021.07/bin/../lib/gcc/arm-none-eabi/10.3.1/../../../../arm-none-eabi/lib/thumb/v7e-m/nofp\libg_nano.a(lib_a-nano-vfprintf_i.o)
 .debug_frame   0x000011b0       0x28 c:/program files (x86)/gnu arm embedded toolchain/10 2021.07/bin/../lib/gcc/arm-none-eabi/10.3.1/../../../../arm-none-eabi/lib/thumb/v7e-m/nofp\libg_nano.a(lib_a-memcpy-stub.o)
 .debug_frame   0x000011d8       0x28 c:/program files (x86)/gnu arm embedded toolchain/10 2021.07/bin/../lib/gcc/arm-none-eabi/10.3.1/../../../../arm-none-eabi/lib/thumb/v7e-m/nofp\libg_nano.a(lib_a-memmove.o)
 .debug_frame   0x00001200       0x3c c:/program files (x86)/gnu arm embedded toolchain/10 2021.07/bin/../lib/gcc/arm-none-eabi/10.3.1/../../../../arm-none-eabi/lib/thumb/v7e-m/nofp\libg_nano.a(lib_a-nano-reallocr.o)
 .debug_frame   0x0000123c       0x20 c:/program files (x86)/gnu arm embedded toolchain/10 2021.07/bin/../lib/gcc/arm-none-eabi/10.3.1/../../../../arm-none-eabi/lib/thumb/v7e-m/nofp\libg_nano.a(lib_a-nano-msizer.o)

.debug_str      0x00000000    0xc90c8
 *(.debug_str)
 .debug_str     0x00000000    0xc0362 ./system/src/stm32f3-hal/stm32f3xx_hal.o
                              0xc0ac7 (size before relaxing)
 .debug_str     0x000c0362      0x3e9 ./system/src/stm32f3-hal/stm32f3xx_hal_cortex.o
                              0xc0b25 (size before relaxing)
 .debug_str     0x000c074b      0x48a ./system/src/stm32f3-hal/stm32f3xx_hal_rcc.o
                              0xc0721 (size before relaxing)
 .debug_str     0x000c0bd5     0x3627 ./system/src/newlib/sbrk.o
                               0x6b8b (size before relaxing)
 .debug_str     0x000c41fc      0x2cb ./system/src/newlib/startup.o
                               0x63b5 (size before relaxing)
 .debug_str     0x000c44c7     0x3f6b ./system/src/newlib/syscalls.o
                               0xb5e2 (size before relaxing)
 .debug_str     0x000c8432       0xbd ./system/src/diag/trace-impl.o
                              0xc35fc (size before relaxing)
 .debug_str     0x000c84ef      0x162 ./system/src/diag/trace.o
                               0x7f31 (size before relaxing)
 .debug_str     0x000c8651      0x1dc ./system/src/cortexm/exception-handlers.o
                              0xc47f2 (size before relaxing)
 .debug_str     0x000c882d       0x5d ./system/src/cortexm/initialize-hardware.o
                              0xc0247 (size before relaxing)
 .debug_str     0x000c888a       0x5a ./system/src/cmsis/system_stm32f3xx.o
                              0xc0299 (size before relaxing)
 .debug_str     0x000c88e4       0x59 ./system/src/cmsis/vectors_stm32f303xc.o
                               0x3cac (size before relaxing)
 .debug_str     0x000c893d       0x30 ./src/initialize-hardware.o
                              0xc3353 (size before relaxing)
 .debug_str     0x000c896d      0x63e ./src/main.o
                              0xc0682 (size before relaxing)
 .debug_str     0x000c8fab       0x3d ./src/stm32f3xx_hal_msp.o
                              0xc0172 (size before relaxing)
 .debug_str     0x000c8fe8       0xe0 ./src/timer.o
                              0xc0ba4 (size before relaxing)

.debug_loc      0x00000000     0x3d35
 *(.debug_loc)
 .debug_loc     0x00000000      0x130 ./system/src/stm32f3-hal/stm32f3xx_hal.o
 .debug_loc     0x00000130      0x8e0 ./system/src/stm32f3-hal/stm32f3xx_hal_cortex.o
 .debug_loc     0x00000a10      0xeeb ./system/src/stm32f3-hal/stm32f3xx_hal_rcc.o
 .debug_loc     0x000018fb       0x97 ./system/src/newlib/sbrk.o
 .debug_loc     0x00001992      0x49b ./system/src/newlib/startup.o
 .debug_loc     0x00001e2d     0x1427 ./system/src/newlib/syscalls.o
 .debug_loc     0x00003254      0x1a3 ./system/src/diag/trace-impl.o
 .debug_loc     0x000033f7      0x118 ./system/src/diag/trace.o
 .debug_loc     0x0000350f      0x524 ./system/src/cortexm/exception-handlers.o
 .debug_loc     0x00003a33      0x123 ./system/src/cmsis/system_stm32f3xx.o
 .debug_loc     0x00003b56       0x64 ./src/initialize-hardware.o
 .debug_loc     0x00003bba      0x118 ./src/main.o
 .debug_loc     0x00003cd2       0x63 ./src/timer.o

.debug_macinfo
 *(.debug_macinfo)

.debug_weaknames
 *(.debug_weaknames)

.debug_funcnames
 *(.debug_funcnames)

.debug_typenames
 *(.debug_typenames)

.debug_varnames
 *(.debug_varnames)
OUTPUT(test.elf elf32-littlearm)
LOAD linker stubs

.debug_ranges   0x00000000      0x5c8
 .debug_ranges  0x00000000       0xd0 ./system/src/stm32f3-hal/stm32f3xx_hal.o
 .debug_ranges  0x000000d0       0xf8 ./system/src/stm32f3-hal/stm32f3xx_hal_cortex.o
 .debug_ranges  0x000001c8       0x98 ./system/src/stm32f3-hal/stm32f3xx_hal_rcc.o
 .debug_ranges  0x00000260       0x10 ./system/src/newlib/sbrk.o
 .debug_ranges  0x00000270       0x78 ./system/src/newlib/startup.o
 .debug_ranges  0x000002e8      0x128 ./system/src/newlib/syscalls.o
 .debug_ranges  0x00000410       0x38 ./system/src/diag/trace-impl.o
 .debug_ranges  0x00000448       0x28 ./system/src/diag/trace.o
 .debug_ranges  0x00000470       0x80 ./system/src/cortexm/exception-handlers.o
 .debug_ranges  0x000004f0       0x18 ./system/src/cortexm/initialize-hardware.o
 .debug_ranges  0x00000508       0x18 ./system/src/cmsis/system_stm32f3xx.o
 .debug_ranges  0x00000520       0x10 ./system/src/cmsis/vectors_stm32f303xc.o
 .debug_ranges  0x00000530       0x20 ./src/initialize-hardware.o
 .debug_ranges  0x00000550       0x28 ./src/main.o
 .debug_ranges  0x00000578       0x28 ./src/stm32f3xx_hal_msp.o
 .debug_ranges  0x000005a0       0x28 ./src/timer.o

.debug_macro    0x00000000    0x209a7
 .debug_macro   0x00000000      0x387 ./system/src/stm32f3-hal/stm32f3xx_hal.o
 .debug_macro   0x00000387      0xa84 ./system/src/stm32f3-hal/stm32f3xx_hal.o
 .debug_macro   0x00000e0b      0x1e7 ./system/src/stm32f3-hal/stm32f3xx_hal.o
 .debug_macro   0x00000ff2       0x2e ./system/src/stm32f3-hal/stm32f3xx_hal.o
 .debug_macro   0x00001020       0x28 ./system/src/stm32f3-hal/stm32f3xx_hal.o
 .debug_macro   0x00001048       0x22 ./system/src/stm32f3-hal/stm32f3xx_hal.o
 .debug_macro   0x0000106a       0x8e ./system/src/stm32f3-hal/stm32f3xx_hal.o
 .debug_macro   0x000010f8       0x51 ./system/src/stm32f3-hal/stm32f3xx_hal.o
 .debug_macro   0x00001149      0x103 ./system/src/stm32f3-hal/stm32f3xx_hal.o
 .debug_macro   0x0000124c       0x6a ./system/src/stm32f3-hal/stm32f3xx_hal.o
 .debug_macro   0x000012b6      0x1df ./system/src/stm32f3-hal/stm32f3xx_hal.o
 .debug_macro   0x00001495       0x1c ./system/src/stm32f3-hal/stm32f3xx_hal.o
 .debug_macro   0x000014b1       0x22 ./system/src/stm32f3-hal/stm32f3xx_hal.o
 .debug_macro   0x000014d3       0xd9 ./system/src/stm32f3-hal/stm32f3xx_hal.o
 .debug_macro   0x000015ac     0x102d ./system/src/stm32f3-hal/stm32f3xx_hal.o
 .debug_macro   0x000025d9      0x11f ./system/src/stm32f3-hal/stm32f3xx_hal.o
 .debug_macro   0x000026f8    0x12a33 ./system/src/stm32f3-hal/stm32f3xx_hal.o
 .debug_macro   0x0001512b       0x43 ./system/src/stm32f3-hal/stm32f3xx_hal.o
 .debug_macro   0x0001516e      0x174 ./system/src/stm32f3-hal/stm32f3xx_hal.o
 .debug_macro   0x000152e2       0x53 ./system/src/stm32f3-hal/stm32f3xx_hal.o
 .debug_macro   0x00015335      0x962 ./system/src/stm32f3-hal/stm32f3xx_hal.o
 .debug_macro   0x00015c97      0x5fe ./system/src/stm32f3-hal/stm32f3xx_hal.o
 .debug_macro   0x00016295      0x12f ./system/src/stm32f3-hal/stm32f3xx_hal.o
 .debug_macro   0x000163c4      0x1fb ./system/src/stm32f3-hal/stm32f3xx_hal.o
 .debug_macro   0x000165bf      0x1dc ./system/src/stm32f3-hal/stm32f3xx_hal.o
 .debug_macro   0x0001679b      0x1bc ./system/src/stm32f3-hal/stm32f3xx_hal.o
 .debug_macro   0x00016957       0x30 ./system/src/stm32f3-hal/stm32f3xx_hal.o
 .debug_macro   0x00016987       0x3c ./system/src/stm32f3-hal/stm32f3xx_hal.o
 .debug_macro   0x000169c3      0x236 ./system/src/stm32f3-hal/stm32f3xx_hal.o
 .debug_macro   0x00016bf9      0x9b1 ./system/src/stm32f3-hal/stm32f3xx_hal.o
 .debug_macro   0x000175aa       0x77 ./system/src/stm32f3-hal/stm32f3xx_hal.o
 .debug_macro   0x00017621      0x408 ./system/src/stm32f3-hal/stm32f3xx_hal.o
 .debug_macro   0x00017a29       0x73 ./system/src/stm32f3-hal/stm32f3xx_hal.o
 .debug_macro   0x00017a9c      0x58d ./system/src/stm32f3-hal/stm32f3xx_hal.o
 .debug_macro   0x00018029       0x12 ./system/src/stm32f3-hal/stm32f3xx_hal.o
 .debug_macro   0x0001803b       0xd5 ./system/src/stm32f3-hal/stm32f3xx_hal.o
 .debug_macro   0x00018110       0x4c ./system/src/stm32f3-hal/stm32f3xx_hal.o
 .debug_macro   0x0001815c      0x176 ./system/src/stm32f3-hal/stm32f3xx_hal.o
 .debug_macro   0x000182d2       0x61 ./system/src/stm32f3-hal/stm32f3xx_hal.o
 .debug_macro   0x00018333       0xc5 ./system/src/stm32f3-hal/stm32f3xx_hal.o
 .debug_macro   0x000183f8      0x21d ./system/src/stm32f3-hal/stm32f3xx_hal.o
 .debug_macro   0x00018615      0x22c ./system/src/stm32f3-hal/stm32f3xx_hal.o
 .debug_macro   0x00018841       0x5b ./system/src/stm32f3-hal/stm32f3xx_hal.o
 .debug_macro   0x0001889c       0xa5 ./system/src/stm32f3-hal/stm32f3xx_hal.o
 .debug_macro   0x00018941      0x199 ./system/src/stm32f3-hal/stm32f3xx_hal.o
 .debug_macro   0x00018ada       0x40 ./system/src/stm32f3-hal/stm32f3xx_hal.o
 .debug_macro   0x00018b1a       0x4a ./system/src/stm32f3-hal/stm32f3xx_hal.o
 .debug_macro   0x00018b64      0x2b8 ./system/src/stm32f3-hal/stm32f3xx_hal.o
 .debug_macro   0x00018e1c       0x2a ./system/src/stm32f3-hal/stm32f3xx_hal.o
 .debug_macro   0x00018e46       0x85 ./system/src/stm32f3-hal/stm32f3xx_hal.o
 .debug_macro   0x00018ecb      0x17d ./system/src/stm32f3-hal/stm32f3xx_hal.o
 .debug_macro   0x00019048       0x65 ./system/src/stm32f3-hal/stm32f3xx_hal.o
 .debug_macro   0x000190ad      0x249 ./system/src/stm32f3-hal/stm32f3xx_hal.o
 .debug_macro   0x000192f6       0x81 ./system/src/stm32f3-hal/stm32f3xx_hal.o
 .debug_macro   0x00019377       0xd3 ./system/src/stm32f3-hal/stm32f3xx_hal.o
 .debug_macro   0x0001944a      0x30c ./system/src/stm32f3-hal/stm32f3xx_hal.o
 .debug_macro   0x00019756      0x3df ./system/src/stm32f3-hal/stm32f3xx_hal.o
 .debug_macro   0x00019b35       0xeb ./system/src/stm32f3-hal/stm32f3xx_hal.o
 .debug_macro   0x00019c20      0x2b8 ./system/src/stm32f3-hal/stm32f3xx_hal.o
 .debug_macro   0x00019ed8      0x11e ./system/src/stm32f3-hal/stm32f3xx_hal.o
 .debug_macro   0x00019ff6      0x35a ./system/src/stm32f3-hal/stm32f3xx_hal.o
 .debug_macro   0x0001a350      0x2fe ./system/src/stm32f3-hal/stm32f3xx_hal.o
 .debug_macro   0x0001a64e      0x9e9 ./system/src/stm32f3-hal/stm32f3xx_hal.o
 .debug_macro   0x0001b037       0x89 ./system/src/stm32f3-hal/stm32f3xx_hal.o
 .debug_macro   0x0001b0c0      0x3d0 ./system/src/stm32f3-hal/stm32f3xx_hal.o
 .debug_macro   0x0001b490      0x589 ./system/src/stm32f3-hal/stm32f3xx_hal.o
 .debug_macro   0x0001ba19       0x3e ./system/src/stm32f3-hal/stm32f3xx_hal.o
 .debug_macro   0x0001ba57      0x295 ./system/src/stm32f3-hal/stm32f3xx_hal.o
 .debug_macro   0x0001bcec       0x2a ./system/src/stm32f3-hal/stm32f3xx_hal.o
 .debug_macro   0x0001bd16       0x8d ./system/src/stm32f3-hal/stm32f3xx_hal.o
 .debug_macro   0x0001bda3      0x275 ./system/src/stm32f3-hal/stm32f3xx_hal.o
 .debug_macro   0x0001c018      0x363 ./system/src/stm32f3-hal/stm32f3xx_hal_cortex.o
 .debug_macro   0x0001c37b      0x387 ./system/src/stm32f3-hal/stm32f3xx_hal_rcc.o
 .debug_macro   0x0001c702      0x163 ./system/src/newlib/sbrk.o
 .debug_macro   0x0001c865       0x10 ./system/src/newlib/sbrk.o
 .debug_macro   0x0001c875      0x23b ./system/src/newlib/sbrk.o
 .debug_macro   0x0001cab0      0x174 ./system/src/newlib/startup.o
 .debug_macro   0x0001cc24      0xa8a ./system/src/newlib/startup.o
 .debug_macro   0x0001d6ae       0x64 ./system/src/newlib/startup.o
 .debug_macro   0x0001d712      0x2dd ./system/src/newlib/syscalls.o
 .debug_macro   0x0001d9ef       0x10 ./system/src/newlib/syscalls.o
 .debug_macro   0x0001d9ff       0x10 ./system/src/newlib/syscalls.o
 .debug_macro   0x0001da0f       0x10 ./system/src/newlib/syscalls.o
 .debug_macro   0x0001da1f       0x35 ./system/src/newlib/syscalls.o
 .debug_macro   0x0001da54      0x12c ./system/src/newlib/syscalls.o
 .debug_macro   0x0001db80      0x22a ./system/src/newlib/syscalls.o
 .debug_macro   0x0001ddaa       0x10 ./system/src/newlib/syscalls.o
 .debug_macro   0x0001ddba       0x1c ./system/src/newlib/syscalls.o
 .debug_macro   0x0001ddd6       0x10 ./system/src/newlib/syscalls.o
 .debug_macro   0x0001dde6       0x10 ./system/src/newlib/syscalls.o
 .debug_macro   0x0001ddf6       0x16 ./system/src/newlib/syscalls.o
 .debug_macro   0x0001de0c      0x16f ./system/src/newlib/syscalls.o
 .debug_macro   0x0001df7b       0x16 ./system/src/newlib/syscalls.o
 .debug_macro   0x0001df91       0xce ./system/src/newlib/syscalls.o
 .debug_macro   0x0001e05f      0x241 ./system/src/newlib/syscalls.o
 .debug_macro   0x0001e2a0       0x16 ./system/src/newlib/syscalls.o
 .debug_macro   0x0001e2b6       0x3a ./system/src/newlib/syscalls.o
 .debug_macro   0x0001e2f0      0x11f ./system/src/newlib/syscalls.o
 .debug_macro   0x0001e40f      0x189 ./system/src/newlib/syscalls.o
 .debug_macro   0x0001e598       0x16 ./system/src/newlib/syscalls.o
 .debug_macro   0x0001e5ae       0x22 ./system/src/newlib/syscalls.o
 .debug_macro   0x0001e5d0      0x499 ./system/src/diag/trace-impl.o
 .debug_macro   0x0001ea69       0x10 ./system/src/diag/trace-impl.o
 .debug_macro   0x0001ea79      0x1f5 ./system/src/diag/trace.o
 .debug_macro   0x0001ec6e       0x16 ./system/src/diag/trace.o
 .debug_macro   0x0001ec84       0x97 ./system/src/diag/trace.o
 .debug_macro   0x0001ed1b       0xfd ./system/src/diag/trace.o
 .debug_macro   0x0001ee18       0x4c ./system/src/diag/trace.o
 .debug_macro   0x0001ee64      0x50c ./system/src/cortexm/exception-handlers.o
 .debug_macro   0x0001f370       0x10 ./system/src/cortexm/exception-handlers.o
 .debug_macro   0x0001f380      0x36d ./system/src/cortexm/initialize-hardware.o
 .debug_macro   0x0001f6ed      0x369 ./system/src/cmsis/system_stm32f3xx.o
 .debug_macro   0x0001fa56       0x73 ./system/src/cmsis/vectors_stm32f303xc.o
 .debug_macro   0x0001fac9      0x47e ./src/initialize-hardware.o
 .debug_macro   0x0001ff47      0x368 ./src/main.o
 .debug_macro   0x000202af      0x363 ./src/stm32f3xx_hal_msp.o
 .debug_macro   0x00020612      0x385 ./src/timer.o
 .debug_macro   0x00020997       0x10 ./src/timer.o
